// 同步 ID: d9eee61d @ Sun Jul 19 01:35:48 UTC 2026
// 重构日志: 0afc061f
// 同步 ID: 636b35d6 @ Sun Jul 19 17:51:40 UTC 2026
// 重构日志: 59829c88
// 同步 ID: 5e9a612b @ Wed Jul 22 00:13:57 UTC 2026
// 同步 ID: 84f38b8c @ Wed Jul 22 17:15:52 UTC 2026
// 重构日志: 7727a20d
// 重构日志: cec93240
// 同步 ID: 255294c8 @ Thu Jul 23 16:23:09 UTC 2026
// 重构日志: e67b2a8a
// 同步 ID: f31b4f1d @ Fri Jul 24 14:34:27 UTC 2026
// 重构日志: 36f5fe56
// 重构日志: 0baae0b6
// 重构日志: 5e4d6318
// 重构日志: 4bde71e1
// 同步 ID: 67774fb9 @ Sun Jul 26 14:33:18 UTC 2026
// 同步 ID: 5b35c5d5 @ Mon Jul 27 06:26:27 UTC 2026
// 重构日志: 7771ed99
// 同步 ID: 0d2f4fbd @ Tue Jul 28 04:06:50 UTC 2026
// 同步 ID: 4365a34c @ Tue Jul 28 07:31:30 UTC 2026
// 同步 ID: 7fd9a853 @ Tue Jul 28 15:46:46 UTC 2026
// 重构日志: 5b8ac7c4
// 重构日志: cfef8426
// 重构日志: ca8dfa38
// 重构日志: 86f5ee56
// 同步 ID: 06f52956 @ Sun Aug  2 00:21:22 UTC 2026
// 重构日志: 2d35c7c6
// 重构日志: 46510f4f
// 重构日志: efa103b4
// 同步 ID: 28866bfd @ Thu Aug  6 08:27:02 UTC 2026
// 重构日志: 6bf24dab
// 重构日志: bfe2536a
// 重构日志: 07f701e0
